┌──────────────────────────────────────────────────────────────────────────────┐
│ To: a@example.com                                                            │
│ Subject: Hi                                                                  │
├──────────────────────────────────────────────────────────────────────────────┤
│ hi                                                                           │
└──────────────────────────────────────────────────────────────────────────────┘
1 format problem:
- broken-html: unclosed <p>
