┌──────────────────────────────────────────────────────────────────────────────┐
│ Reply to message msg-1 (reply all)                                           │
├──────────────────────────────────────────────────────────────────────────────┤
│ hi                                                                           │
└──────────────────────────────────────────────────────────────────────────────┘
