┌──────────────────────────────────────────────────────────────────────────────┐
│ Reply to message msg-1                                                       │
├──────────────────────────────────────────────────────────────────────────────┤
│ Hello team,                                                                  │
│                                                                              │
│ The change is in UAT.                                                        │
│ Rollback is ready.                                                           │
└──────────────────────────────────────────────────────────────────────────────┘
