┌──────────────────────────────────────────────────────────────────────────────┐
│ Chat: chat-1                                                                 │
├──────────────────────────────────────────────────────────────────────────────┤
│ hi                                                                           │
└──────────────────────────────────────────────────────────────────────────────┘
1 format problem:
- broken-html: unclosed <p>
