┌──────────────────────────────────────────────────────────────────────────────┐
│ To: Alice (chat chat-1)                                                      │
├──────────────────────────────────────────────────────────────────────────────┤
│ hi                                                                           │
└──────────────────────────────────────────────────────────────────────────────┘
