┌──────────────────────────────────────────────────────────────────────────────┐
│ Chat: chat-1                                                                 │
├──────────────────────────────────────────────────────────────────────────────┤
│ Hi team                                                                      │
│                                                                              │
│ • one                                                                        │
│ • two                                                                        │
│                                                                              │
│ See docs (https://example.com)                                               │
└──────────────────────────────────────────────────────────────────────────────┘
